{
  "certificate_state_counts": {
    "UNKNOWN": 36
  },
  "closed_child_branches": [],
  "incomplete_cases": [
    "q00r00-s000",
    "q00r00-s001",
    "q00r00-s002",
    "q00r00-s003",
    "q00r00-s004",
    "q00r00-s005",
    "q00r00-s006",
    "q00r00-s007",
    "q00r00-s008",
    "q00r00-s009",
    "q00r00-s010",
    "q00r00-s011",
    "q00r00-s012",
    "q00r00-s013",
    "q00r00-s014",
    "q00r00-s015",
    "q00r00-s016",
    "q00r00-s017",
    "q00r00-s018",
    "q00r00-s019",
    "q00r00-s020",
    "q00r00-s021",
    "q00r00-s022",
    "q00r00-s023",
    "q00r00-s024",
    "q00r00-s025",
    "q00r00-s026",
    "q00r00-s027",
    "q00r00-s028",
    "q00r00-s029",
    "q00r00-s030",
    "q00r00-s031",
    "q00r00-s032",
    "q00r00-s033",
    "q00r00-s034",
    "q00r00-s035"
  ],
  "proof_checked_unsat_frontier": [],
  "q00r00_certificate_effect": "REMAINS_UNKNOWN",
  "seventh_base_refinement_frontier": [
    "q00r00-s000",
    "q00r00-s001",
    "q00r00-s002",
    "q00r00-s003",
    "q00r00-s004",
    "q00r00-s005",
    "q00r00-s006",
    "q00r00-s007",
    "q00r00-s008",
    "q00r00-s009",
    "q00r00-s010",
    "q00r00-s011",
    "q00r00-s012",
    "q00r00-s013",
    "q00r00-s014",
    "q00r00-s015",
    "q00r00-s016",
    "q00r00-s017",
    "q00r00-s018",
    "q00r00-s019",
    "q00r00-s020",
    "q00r00-s021",
    "q00r00-s022",
    "q00r00-s023",
    "q00r00-s024",
    "q00r00-s025",
    "q00r00-s026",
    "q00r00-s027",
    "q00r00-s028",
    "q00r00-s029",
    "q00r00-s030",
    "q00r00-s031",
    "q00r00-s032",
    "q00r00-s033",
    "q00r00-s034",
    "q00r00-s035"
  ]
}
